// Jest Snapshot v1, https://goo.gl/fbAQLP

exports[`<Chart /> Should render and match the snapshot 1`] = `
<svg
  height="250"
  version="1"
  viewBox="-10 0 270 250"
  width="250"
  xmlns="http://www.w3.org/2000/svg"
>
  <g
    transform="translate(125.0000,125.0000)"
  >
    <g>
      <circle
        class="scale"
        cx="0"
        cy="0"
        fill="none"
        r="104.16666666666667"
      />
      <circle
        class="scale"
        cx="0"
        cy="0"
        fill="none"
        r="69.44444444444444"
      />
      <circle
        class="scale"
        cx="0"
        cy="0"
        fill="none"
        r="34.72222222222222"
      />
    </g>
    <g>
      <polyline
        class="axis"
        points="0.0000,0.0000 0.0000,-104.1667"
      />
    </g>
    <g>
      <path
        class="shape "
        d="M0.0000,-20.8333z"
        fill="red"
        stroke="red"
      />
    </g>
    <g>
      <text
        class="caption"
        dy="5"
        font-family="sans-serif"
        font-size="10"
        text-anchor="middle"
        x="0.0000"
        y="-118.7500"
      >
        test
      </text>
    </g>
  </g>
</svg>
`;
